###############################################################################
#
# IAR ELF Linker V8.30.1.114/W32 for ARM                  04/Mar/2021  20:06:23
# Copyright 2007-2018 IAR Systems AB.
#
#    Output file  =  D:\!WORK\STM\FST\Debug\Exe\stm32_course.out
#    Map file     =  D:\!WORK\STM\FST\Debug\List\stm32_course.map
#    Command line =  
#        -f C:\Users\derzh\AppData\Local\Temp\EW684B.tmp
#        (D:\!WORK\STM\FST\Debug\Obj\clicker.o
#        D:\!WORK\STM\FST\Debug\Obj\main.o --no_out_extension -o
#        D:\!WORK\STM\FST\Debug\Exe\stm32_course.out --redirect
#        _Printf=_PrintfFullNoMb --redirect _Scanf=_ScanfFullNoMb --map
#        D:\!WORK\STM\FST\Debug\List\stm32_course.map --config "D:\Program
#        Files (x86)\IAR Systems\Embedded Workbench
#        8.1\arm\config\linker\ST\stm32f051x8.icf" --semihosting --entry
#        __iar_program_start --vfe --text_out locale)
#
###############################################################################

*******************************************************************************
*** RUNTIME MODEL ATTRIBUTES
***

CppFlavor       = *
__SystemLibrary = DLib
__dlib_version  = 6


*******************************************************************************
*** HEAP SELECTION
***

The basic heap was selected because no calls to memory allocation
functions were found in the application outside of system library
functions, and there are calls to deallocation functions in the
application.


*******************************************************************************
*** PLACEMENT SUMMARY
***

"A0":  place at 0x800'0000 { ro section .intvec };
"P1":  place in [from 0x800'0000 to 0x800'ffff] { ro };
define block CSTACK with size = 2K, alignment = 8 { };
define block HEAP with size = 2K, alignment = 8 { };
"P2":  place in [from 0x2000'0000 to 0x2000'1fff] {
          rw, block CSTACK, block HEAP };

  Section          Kind         Address   Size  Object
  -------          ----         -------   ----  ------
"A0":                                     0x40
  .intvec          ro code   0x800'0000   0x40  vector_table_M.o [3]
                           - 0x800'0040   0x40

"P1":                                    0x23c
  .text            ro code   0x800'0040  0x164  clicker.o [1]
  .text            ro code   0x800'01a4   0x3c  zero_init3.o [3]
  .text            ro code   0x800'01e0   0x28  data_init.o [3]
  .iar.init_table  const     0x800'0208   0x10  - Linker created -
  .text            ro code   0x800'0218   0x1e  cmain.o [3]
  .text            ro code   0x800'0236    0x4  low_level_init.o [2]
  .text            ro code   0x800'023a    0xc  main.o [1]
  .text            ro code   0x800'0246    0x8  exit.o [2]
  .text            ro code   0x800'024e    0x2  vector_table_M.o [3]
  .text            ro code   0x800'0250    0xa  cexit.o [3]
  .text            ro code   0x800'025c   0x14  exit.o [4]
  .text            ro code   0x800'0270    0xc  cstartup_M.o [3]
  .rodata          const     0x800'027c    0x0  zero_init3.o [3]
                           - 0x800'027c  0x23c

"P2", part 1 of 2:                         0xc
  .bss             zero     0x2000'0000    0x4  clicker.o [1]
  .bss             zero     0x2000'0004    0x4  clicker.o [1]
  .bss             zero     0x2000'0008    0x4  clicker.o [1]
                          - 0x2000'000c    0xc

"P2", part 2 of 2:                       0x800
  CSTACK                    0x2000'0010  0x800  <Block>
    CSTACK         uninit   0x2000'0010  0x800  <Block tail>
                          - 0x2000'0810  0x800

Unused ranges:

         From           To    Size
         ----           --    ----
   0x800'027c   0x800'ffff  0xfd84
  0x2000'000c  0x2000'000f     0x4
  0x2000'0810  0x2000'1fff  0x17f0


*******************************************************************************
*** INIT TABLE
***

          Address      Size
          -------      ----
Zero (__iar_zero_init3)
    1 destination range, total size 0xc:
          0x2000'0000   0xc



*******************************************************************************
*** MODULE SUMMARY
***

    Module            ro code  ro data  rw data
    ------            -------  -------  -------
command line/config:
    -------------------------------------------
    Total:

D:\!WORK\STM\FST\Debug\Obj: [1]
    clicker.o             356                12
    main.o                 12
    -------------------------------------------
    Total:                368                12

dl6M_tln.a: [2]
    exit.o                  8
    low_level_init.o        4
    -------------------------------------------
    Total:                 12

rt6M_tl.a: [3]
    cexit.o                10
    cmain.o                30
    cstartup_M.o           12
    data_init.o            40
    vector_table_M.o       66
    zero_init3.o           60
    -------------------------------------------
    Total:                218

shb_l.a: [4]
    exit.o                 20
    -------------------------------------------
    Total:                 20

    Gaps                    2
    Linker created                  16    2 048
-----------------------------------------------
    Grand Total:          620       16    2 060


*******************************************************************************
*** ENTRY LIST
***

Entry                       Address  Size  Type      Object
-----                       -------  ----  ----      ------
.iar.init_table$$Base    0x800'0208         --   Gb  - Linker created -
.iar.init_table$$Limit   0x800'0218         --   Gb  - Linker created -
?main                    0x800'0219        Code  Gb  cmain.o [3]
CSTACK$$Base            0x2000'0010         --   Gb  - Linker created -
CSTACK$$Limit           0x2000'0810         --   Gb  - Linker created -
LL_AHB1_GRP1_EnableClock
                         0x800'0041  0x16  Code  Lc  clicker.o [1]
LL_GPIO_IsInputPinSet    0x800'0073  0x14  Code  Lc  clicker.o [1]
LL_GPIO_SetPinMode       0x800'0057  0x1c  Code  Lc  clicker.o [1]
LL_GPIO_WriteOutputPort
                         0x800'0087   0x4  Code  Lc  clicker.o [1]
Region$$Table$$Base      0x800'0208         --   Gb  - Linker created -
Region$$Table$$Limit     0x800'0218         --   Gb  - Linker created -
__ICFEDIT_region_RAM_end__ {Abs}
                        0x2000'1fff        Data  Gb  <internal module>
__ICFEDIT_region_RAM_start__ {Abs}
                        0x2000'0000        Data  Gb  <internal module>
__cmain                  0x800'0219        Code  Gb  cmain.o [3]
__exit                   0x800'025d  0x14  Code  Gb  exit.o [4]
__iar_data_init3         0x800'01e1  0x28  Code  Gb  data_init.o [3]
__iar_program_start      0x800'0271        Code  Gb  cstartup_M.o [3]
__iar_zero_init3         0x800'01a5  0x3c  Code  Gb  zero_init3.o [3]
__low_level_init         0x800'0237   0x4  Code  Gb  low_level_init.o [2]
__vector_table           0x800'0000        Data  Gb  vector_table_M.o [3]
_call_main               0x800'0225        Code  Gb  cmain.o [3]
_exit                    0x800'0251        Code  Gb  cexit.o [3]
_main                    0x800'0233        Code  Gb  cmain.o [3]
delay10                  0x800'008b  0x10  Code  Gb  clicker.o [1]
exit                     0x800'0247   0x8  Code  Gb  exit.o [2]
gpio_config              0x800'009b  0x9e  Code  Gb  clicker.o [1]
main                     0x800'023b   0xc  Code  Gb  main.o [1]
no_noise_cl              0x800'0145  0x50  Code  Gb  clicker.o [1]
no_noise_cl::counter    0x2000'0000   0x4  Data  Lc  clicker.o [1]
no_noise_cl::is_pressed
                        0x2000'0004   0x4  Data  Lc  clicker.o [1]
no_noise_cl::n          0x2000'0008   0x4  Data  Lc  clicker.o [1]


[1] = D:\!WORK\STM\FST\Debug\Obj
[2] = dl6M_tln.a
[3] = rt6M_tl.a
[4] = shb_l.a

    620 bytes of readonly  code memory
     16 bytes of readonly  data memory
  2 060 bytes of readwrite data memory

Errors: none
Warnings: none
